// Jest Snapshot v1, https://goo.gl/fbAQLP

exports[`BodySection Component matches the snapshot 1`] = `ShallowWrapper {}`;
